[0.006s][info][gc,heap] Heap region size: 1M
[0.017s][info][gc     ] Using G1
[0.017s][info][gc,heap,coops] Heap address: 0x00000000c0000000, size: 1024 MB, Compressed Oops mode: 32-bit
[0.797s][info][gc,start     ] GC(0) Pause Initial Mark (Metadata GC Threshold)
[0.797s][info][gc,task      ] GC(0) Using 8 workers of 8 for evacuation
[0.802s][info][gc,phases    ] GC(0)   Pre Evacuate Collection Set: 0.0ms
[0.802s][info][gc,phases    ] GC(0)   Evacuate Collection Set: 4.5ms
[0.802s][info][gc,phases    ] GC(0)   Post Evacuate Collection Set: 0.4ms
[0.802s][info][gc,phases    ] GC(0)   Other: 0.3ms
[0.802s][info][gc,heap      ] GC(0) Eden regions: 42->0(44)
[0.802s][info][gc,heap      ] GC(0) Survivor regions: 0->7(7)
[0.802s][info][gc,heap      ] GC(0) Old regions: 0->0
[0.802s][info][gc,heap      ] GC(0) Humongous regions: 1->1
[0.802s][info][gc,metaspace ] GC(0) Metaspace: 20805K->20805K(1069056K)
[0.802s][info][gc           ] GC(0) Pause Initial Mark (Metadata GC Threshold) 42M->7M(1024M) 5.318ms
[0.802s][info][gc,cpu       ] GC(0) User=0.04s Sys=0.00s Real=0.01s
[0.802s][info][gc           ] GC(1) Concurrent Cycle
[0.802s][info][gc,marking   ] GC(1) Concurrent Clear Claimed Marks
[0.802s][info][gc,marking   ] GC(1) Concurrent Clear Claimed Marks 0.025ms
[0.802s][info][gc,marking   ] GC(1) Concurrent Scan Root Regions
[0.805s][info][gc,marking   ] GC(1) Concurrent Scan Root Regions 2.680ms
[0.805s][info][gc,marking   ] GC(1) Concurrent Mark (0.805s)
[0.805s][info][gc,marking   ] GC(1) Concurrent Mark From Roots
[0.805s][info][gc,task      ] GC(1) Using 2 workers of 2 for marking
[0.805s][info][gc,marking   ] GC(1) Concurrent Mark From Roots 0.480ms
[0.805s][info][gc,marking   ] GC(1) Concurrent Mark (0.805s, 0.805s) 0.500ms
[0.806s][info][gc,start     ] GC(1) Pause Remark
[0.809s][info][gc,stringtable] GC(1) Cleaned string and symbol table, strings: 8764 processed, 0 removed, symbols: 68057 processed, 35 removed
[0.809s][info][gc            ] GC(1) Pause Remark 7M->7M(1024M) 2.985ms
[0.809s][info][gc,cpu        ] GC(1) User=0.02s Sys=0.00s Real=0.00s
[0.809s][info][gc,marking    ] GC(1) Concurrent Create Live Data
[0.809s][info][gc,marking    ] GC(1) Concurrent Create Live Data 0.214ms
[0.809s][info][gc,start      ] GC(1) Pause Cleanup
[0.810s][info][gc            ] GC(1) Pause Cleanup 7M->7M(1024M) 0.909ms
[0.810s][info][gc,cpu        ] GC(1) User=0.00s Sys=0.00s Real=0.00s
[0.810s][info][gc,marking    ] GC(1) Concurrent Cleanup for Next Mark
[0.814s][info][gc,marking    ] GC(1) Concurrent Cleanup for Next Mark 3.727ms
[0.814s][info][gc            ] GC(1) Concurrent Cycle 12.117ms
[2.282s][info][gc,start      ] GC(2) Pause Young (G1 Evacuation Pause)
[2.282s][info][gc,task       ] GC(2) Using 8 workers of 8 for evacuation
[2.291s][info][gc,phases     ] GC(2)   Pre Evacuate Collection Set: 0.0ms
[2.291s][info][gc,phases     ] GC(2)   Evacuate Collection Set: 8.3ms
[2.291s][info][gc,phases     ] GC(2)   Post Evacuate Collection Set: 0.4ms
[2.291s][info][gc,phases     ] GC(2)   Other: 0.3ms
[2.291s][info][gc,heap       ] GC(2) Eden regions: 44->0(47)
[2.291s][info][gc,heap       ] GC(2) Survivor regions: 7->4(7)
[2.291s][info][gc,heap       ] GC(2) Old regions: 0->7
[2.291s][info][gc,heap       ] GC(2) Humongous regions: 130->130
[2.291s][info][gc,metaspace  ] GC(2) Metaspace: 29286K->29286K(1075200K)
[2.291s][info][gc            ] GC(2) Pause Young (G1 Evacuation Pause) 180M->139M(1024M) 9.107ms
[2.291s][info][gc,cpu        ] GC(2) User=0.05s Sys=0.01s Real=0.01s
[53.377s][info][gc,start      ] GC(3) Pause Initial Mark (Metadata GC Threshold)
[53.377s][info][gc,task       ] GC(3) Using 8 workers of 8 for evacuation
[53.384s][info][gc,phases     ] GC(3)   Pre Evacuate Collection Set: 0.0ms
[53.384s][info][gc,phases     ] GC(3)   Evacuate Collection Set: 7.2ms
[53.385s][info][gc,phases     ] GC(3)   Post Evacuate Collection Set: 0.3ms
[53.385s][info][gc,phases     ] GC(3)   Other: 0.3ms
[53.385s][info][gc,heap       ] GC(3) Eden regions: 43->0(46)
[53.385s][info][gc,heap       ] GC(3) Survivor regions: 4->5(7)
[53.385s][info][gc,heap       ] GC(3) Old regions: 7->7
[53.385s][info][gc,heap       ] GC(3) Humongous regions: 142->130
[53.385s][info][gc,metaspace  ] GC(3) Metaspace: 35150K->35150K(1081344K)
[53.385s][info][gc            ] GC(3) Pause Initial Mark (Metadata GC Threshold) 193M->141M(1024M) 8.007ms
[53.385s][info][gc,cpu        ] GC(3) User=0.06s Sys=0.00s Real=0.01s
[53.385s][info][gc            ] GC(4) Concurrent Cycle
[53.385s][info][gc,marking    ] GC(4) Concurrent Clear Claimed Marks
[53.385s][info][gc,marking    ] GC(4) Concurrent Clear Claimed Marks 0.030ms
[53.385s][info][gc,marking    ] GC(4) Concurrent Scan Root Regions
[53.387s][info][gc,marking    ] GC(4) Concurrent Scan Root Regions 2.405ms
[53.387s][info][gc,marking    ] GC(4) Concurrent Mark (53.387s)
[53.387s][info][gc,marking    ] GC(4) Concurrent Mark From Roots
[53.387s][info][gc,task       ] GC(4) Using 2 workers of 2 for marking
[53.392s][info][gc,marking    ] GC(4) Concurrent Mark From Roots 4.542ms
[53.392s][info][gc,marking    ] GC(4) Concurrent Mark (53.387s, 53.392s) 4.583ms
[53.392s][info][gc,start      ] GC(4) Pause Remark
[53.395s][info][gc,stringtable] GC(4) Cleaned string and symbol table, strings: 14063 processed, 6 removed, symbols: 95256 processed, 14 removed
[53.395s][info][gc            ] GC(4) Pause Remark 141M->141M(1024M) 3.478ms
[53.395s][info][gc,cpu        ] GC(4) User=0.03s Sys=0.00s Real=0.00s
[53.395s][info][gc,marking    ] GC(4) Concurrent Create Live Data
[53.397s][info][gc,marking    ] GC(4) Concurrent Create Live Data 1.252ms
[53.397s][info][gc,start      ] GC(4) Pause Cleanup
[53.398s][info][gc            ] GC(4) Pause Cleanup 141M->141M(1024M) 0.869ms
[53.398s][info][gc,cpu        ] GC(4) User=0.01s Sys=0.01s Real=0.00s
[53.398s][info][gc,marking    ] GC(4) Concurrent Cleanup for Next Mark
[53.402s][info][gc,marking    ] GC(4) Concurrent Cleanup for Next Mark 4.163ms
[53.402s][info][gc            ] GC(4) Concurrent Cycle 17.372ms
[761.502s][info][gc,start      ] GC(5) Pause Young (G1 Evacuation Pause)
[761.512s][info][gc,task       ] GC(5) Using 8 workers of 8 for evacuation
[761.517s][info][gc,phases     ] GC(5)   Pre Evacuate Collection Set: 0.0ms
[761.517s][info][gc,phases     ] GC(5)   Evacuate Collection Set: 4.2ms
[761.517s][info][gc,phases     ] GC(5)   Post Evacuate Collection Set: 0.4ms
[761.517s][info][gc,phases     ] GC(5)   Other: 10.3ms
[761.517s][info][gc,heap       ] GC(5) Eden regions: 46->0(48)
[761.517s][info][gc,heap       ] GC(5) Survivor regions: 5->3(7)
[761.517s][info][gc,heap       ] GC(5) Old regions: 7->10
[761.517s][info][gc,heap       ] GC(5) Humongous regions: 130->130
[761.517s][info][gc,metaspace  ] GC(5) Metaspace: 35978K->35978K(1081344K)
[761.517s][info][gc            ] GC(5) Pause Young (G1 Evacuation Pause) 187M->142M(1024M) 15.089ms
[761.517s][info][gc,cpu        ] GC(5) User=0.05s Sys=0.00s Real=0.01s
[1262.241s][info][gc,start      ] GC(6) Pause Young (G1 Evacuation Pause)
[1262.241s][info][gc,task       ] GC(6) Using 8 workers of 8 for evacuation
[1262.248s][info][gc,phases     ] GC(6)   Pre Evacuate Collection Set: 0.0ms
[1262.248s][info][gc,phases     ] GC(6)   Evacuate Collection Set: 6.4ms
[1262.248s][info][gc,phases     ] GC(6)   Post Evacuate Collection Set: 0.4ms
[1262.248s][info][gc,phases     ] GC(6)   Other: 0.3ms
[1262.248s][info][gc,heap       ] GC(6) Eden regions: 48->0(47)
[1262.248s][info][gc,heap       ] GC(6) Survivor regions: 3->4(7)
[1262.248s][info][gc,heap       ] GC(6) Old regions: 10->10
[1262.248s][info][gc,heap       ] GC(6) Humongous regions: 130->130
[1262.248s][info][gc,metaspace  ] GC(6) Metaspace: 36116K->36116K(1081344K)
[1262.248s][info][gc            ] GC(6) Pause Young (G1 Evacuation Pause) 190M->142M(1024M) 7.218ms
[1262.248s][info][gc,cpu        ] GC(6) User=0.05s Sys=0.00s Real=0.00s
[2612.306s][info][gc,start      ] GC(7) Pause Young (G1 Evacuation Pause)
[2612.306s][info][gc,task       ] GC(7) Using 8 workers of 8 for evacuation
[2612.312s][info][gc,phases     ] GC(7)   Pre Evacuate Collection Set: 0.0ms
[2612.312s][info][gc,phases     ] GC(7)   Evacuate Collection Set: 5.1ms
[2612.312s][info][gc,phases     ] GC(7)   Post Evacuate Collection Set: 0.5ms
[2612.312s][info][gc,phases     ] GC(7)   Other: 0.3ms
[2612.312s][info][gc,heap       ] GC(7) Eden regions: 47->0(47)
[2612.312s][info][gc,heap       ] GC(7) Survivor regions: 4->4(7)
[2612.312s][info][gc,heap       ] GC(7) Old regions: 10->10
[2612.312s][info][gc,heap       ] GC(7) Humongous regions: 130->130
[2612.312s][info][gc,metaspace  ] GC(7) Metaspace: 36199K->36199K(1081344K)
[2612.312s][info][gc            ] GC(7) Pause Young (G1 Evacuation Pause) 189M->142M(1024M) 6.020ms
[2612.312s][info][gc,cpu        ] GC(7) User=0.04s Sys=0.00s Real=0.01s
[3218.408s][info][gc,start      ] GC(8) Pause Young (G1 Evacuation Pause)
[3218.408s][info][gc,task       ] GC(8) Using 8 workers of 8 for evacuation
[3218.412s][info][gc,phases     ] GC(8)   Pre Evacuate Collection Set: 0.0ms
[3218.412s][info][gc,phases     ] GC(8)   Evacuate Collection Set: 3.2ms
[3218.412s][info][gc,phases     ] GC(8)   Post Evacuate Collection Set: 0.3ms
[3218.412s][info][gc,phases     ] GC(8)   Other: 0.2ms
[3218.412s][info][gc,heap       ] GC(8) Eden regions: 47->0(47)
[3218.412s][info][gc,heap       ] GC(8) Survivor regions: 4->4(7)
[3218.412s][info][gc,heap       ] GC(8) Old regions: 10->10
[3218.412s][info][gc,heap       ] GC(8) Humongous regions: 130->130
[3218.412s][info][gc,metaspace  ] GC(8) Metaspace: 36234K->36234K(1081344K)
[3218.412s][info][gc            ] GC(8) Pause Young (G1 Evacuation Pause) 189M->142M(1024M) 3.860ms
[3218.412s][info][gc,cpu        ] GC(8) User=0.02s Sys=0.00s Real=0.01s
[3493.841s][info][gc,start      ] GC(9) Pause Young (G1 Evacuation Pause)
[3493.841s][info][gc,task       ] GC(9) Using 8 workers of 8 for evacuation
[3493.845s][info][gc,phases     ] GC(9)   Pre Evacuate Collection Set: 0.1ms
[3493.845s][info][gc,phases     ] GC(9)   Evacuate Collection Set: 3.1ms
[3493.845s][info][gc,phases     ] GC(9)   Post Evacuate Collection Set: 0.4ms
[3493.845s][info][gc,phases     ] GC(9)   Other: 0.4ms
[3493.845s][info][gc,heap       ] GC(9) Eden regions: 47->0(55)
[3493.845s][info][gc,heap       ] GC(9) Survivor regions: 4->4(7)
[3493.845s][info][gc,heap       ] GC(9) Old regions: 10->10
[3493.845s][info][gc,heap       ] GC(9) Humongous regions: 130->130
[3493.845s][info][gc,metaspace  ] GC(9) Metaspace: 36249K->36249K(1081344K)
[3493.845s][info][gc            ] GC(9) Pause Young (G1 Evacuation Pause) 189M->142M(1024M) 4.107ms
[3493.846s][info][gc,cpu        ] GC(9) User=0.02s Sys=0.00s Real=0.00s
[4432.497s][info][gc,start      ] GC(10) Pause Young (G1 Evacuation Pause)
[4432.497s][info][gc,task       ] GC(10) Using 8 workers of 8 for evacuation
[4432.501s][info][gc,phases     ] GC(10)   Pre Evacuate Collection Set: 0.0ms
[4432.501s][info][gc,phases     ] GC(10)   Evacuate Collection Set: 3.4ms
[4432.501s][info][gc,phases     ] GC(10)   Post Evacuate Collection Set: 0.4ms
[4432.501s][info][gc,phases     ] GC(10)   Other: 0.3ms
[4432.501s][info][gc,heap       ] GC(10) Eden regions: 55->0(63)
[4432.501s][info][gc,heap       ] GC(10) Survivor regions: 4->4(8)
[4432.501s][info][gc,heap       ] GC(10) Old regions: 10->10
[4432.501s][info][gc,heap       ] GC(10) Humongous regions: 130->130
[4432.501s][info][gc,metaspace  ] GC(10) Metaspace: 36363K->36363K(1081344K)
[4432.501s][info][gc            ] GC(10) Pause Young (G1 Evacuation Pause) 197M->142M(1024M) 4.149ms
[4432.501s][info][gc,cpu        ] GC(10) User=0.02s Sys=0.00s Real=0.01s
[5782.736s][info][gc,start      ] GC(11) Pause Young (G1 Evacuation Pause)
[5782.736s][info][gc,task       ] GC(11) Using 8 workers of 8 for evacuation
[5782.746s][info][gc,phases     ] GC(11)   Pre Evacuate Collection Set: 0.1ms
[5782.746s][info][gc,phases     ] GC(11)   Evacuate Collection Set: 9.7ms
[5782.746s][info][gc,phases     ] GC(11)   Post Evacuate Collection Set: 0.3ms
[5782.746s][info][gc,phases     ] GC(11)   Other: 0.4ms
[5782.746s][info][gc,heap       ] GC(11) Eden regions: 63->0(74)
[5782.746s][info][gc,heap       ] GC(11) Survivor regions: 4->5(9)
[5782.746s][info][gc,heap       ] GC(11) Old regions: 10->10
[5782.746s][info][gc,heap       ] GC(11) Humongous regions: 130->130
[5782.746s][info][gc,metaspace  ] GC(11) Metaspace: 36396K->36396K(1081344K)
[5782.746s][info][gc            ] GC(11) Pause Young (G1 Evacuation Pause) 205M->143M(1024M) 10.394ms
[5782.747s][info][gc,cpu        ] GC(11) User=0.07s Sys=0.00s Real=0.01s
[6556.992s][info][gc,heap,exit  ] Heap
[6556.992s][info][gc,heap,exit  ]  garbage-first heap   total 1048576K, used 182070K [0x00000000c0000000, 0x0000000100000000)
[6556.992s][info][gc,heap,exit  ]   region size 1024K, 40 young (40960K), 5 survivors (5120K)
[6556.992s][info][gc,heap,exit  ]  Metaspace       used 36963K, capacity 37341K, committed 37888K, reserved 1083392K
[6556.992s][info][gc,heap,exit  ]   class space    used 4467K, capacity 4578K, committed 4608K, reserved 1048576K
