[0.006s][info][gc,heap] Heap region size: 1M
[0.015s][info][gc     ] Using G1
[0.015s][info][gc,heap,coops] Heap address: 0x00000000c0000000, size: 1024 MB, Compressed Oops mode: 32-bit
[1.153s][info][gc,start     ] GC(0) Pause Initial Mark (Metadata GC Threshold)
[1.153s][info][gc,task      ] GC(0) Using 8 workers of 8 for evacuation
[1.166s][info][gc,phases    ] GC(0)   Pre Evacuate Collection Set: 0.1ms
[1.166s][info][gc,phases    ] GC(0)   Evacuate Collection Set: 11.8ms
[1.166s][info][gc,phases    ] GC(0)   Post Evacuate Collection Set: 0.4ms
[1.166s][info][gc,phases    ] GC(0)   Other: 0.7ms
[1.166s][info][gc,heap      ] GC(0) Eden regions: 43->0(44)
[1.166s][info][gc,heap      ] GC(0) Survivor regions: 0->7(7)
[1.166s][info][gc,heap      ] GC(0) Old regions: 0->0
[1.166s][info][gc,heap      ] GC(0) Humongous regions: 1->1
[1.166s][info][gc,metaspace ] GC(0) Metaspace: 20823K->20823K(1069056K)
[1.166s][info][gc           ] GC(0) Pause Initial Mark (Metadata GC Threshold) 43M->7M(1024M) 13.019ms
[1.166s][info][gc,cpu       ] GC(0) User=0.03s Sys=0.06s Real=0.02s
[1.166s][info][gc           ] GC(1) Concurrent Cycle
[1.166s][info][gc,marking   ] GC(1) Concurrent Clear Claimed Marks
[1.166s][info][gc,marking   ] GC(1) Concurrent Clear Claimed Marks 0.027ms
[1.166s][info][gc,marking   ] GC(1) Concurrent Scan Root Regions
[1.168s][info][gc,marking   ] GC(1) Concurrent Scan Root Regions 1.972ms
[1.168s][info][gc,marking   ] GC(1) Concurrent Mark (1.168s)
[1.168s][info][gc,marking   ] GC(1) Concurrent Mark From Roots
[1.168s][info][gc,task      ] GC(1) Using 2 workers of 2 for marking
[1.168s][info][gc,marking   ] GC(1) Concurrent Mark From Roots 0.353ms
[1.168s][info][gc,marking   ] GC(1) Concurrent Mark (1.168s, 1.168s) 0.367ms
[1.169s][info][gc,start     ] GC(1) Pause Remark
[1.174s][info][gc,stringtable] GC(1) Cleaned string and symbol table, strings: 8762 processed, 0 removed, symbols: 68260 processed, 35 removed
[1.174s][info][gc            ] GC(1) Pause Remark 7M->7M(1024M) 5.240ms
[1.174s][info][gc,cpu        ] GC(1) User=0.03s Sys=0.00s Real=0.01s
[1.174s][info][gc,marking    ] GC(1) Concurrent Create Live Data
[1.174s][info][gc,marking    ] GC(1) Concurrent Create Live Data 0.106ms
[1.174s][info][gc,start      ] GC(1) Pause Cleanup
[1.175s][info][gc            ] GC(1) Pause Cleanup 7M->7M(1024M) 0.616ms
[1.175s][info][gc,cpu        ] GC(1) User=0.01s Sys=0.01s Real=0.00s
[1.175s][info][gc,marking    ] GC(1) Concurrent Cleanup for Next Mark
[1.177s][info][gc,marking    ] GC(1) Concurrent Cleanup for Next Mark 1.924ms
[1.177s][info][gc            ] GC(1) Concurrent Cycle 10.595ms
[3.370s][info][gc,heap,exit  ] Heap
[3.370s][info][gc,heap,exit  ]  garbage-first heap   total 1048576K, used 22712K [0x00000000c0000000, 0x0000000100000000)
[3.370s][info][gc,heap,exit  ]   region size 1024K, 23 young (23552K), 7 survivors (7168K)
[3.370s][info][gc,heap,exit  ]  Metaspace       used 24900K, capacity 25256K, committed 25600K, reserved 1071104K
[3.370s][info][gc,heap,exit  ]   class space    used 2949K, capacity 3072K, committed 3072K, reserved 1048576K
