[0.005s][info][gc,heap] Heap region size: 1M
[0.013s][info][gc     ] Using G1
[0.013s][info][gc,heap,coops] Heap address: 0x00000000c0000000, size: 1024 MB, Compressed Oops mode: 32-bit
[1.119s][info][gc,start     ] GC(0) Pause Initial Mark (Metadata GC Threshold)
[1.119s][info][gc,task      ] GC(0) Using 8 workers of 8 for evacuation
[1.127s][info][gc,phases    ] GC(0)   Pre Evacuate Collection Set: 0.0ms
[1.127s][info][gc,phases    ] GC(0)   Evacuate Collection Set: 7.4ms
[1.127s][info][gc,phases    ] GC(0)   Post Evacuate Collection Set: 0.3ms
[1.127s][info][gc,phases    ] GC(0)   Other: 0.3ms
[1.127s][info][gc,heap      ] GC(0) Eden regions: 41->0(44)
[1.127s][info][gc,heap      ] GC(0) Survivor regions: 0->7(7)
[1.127s][info][gc,heap      ] GC(0) Old regions: 0->0
[1.127s][info][gc,heap      ] GC(0) Humongous regions: 1->1
[1.127s][info][gc,metaspace ] GC(0) Metaspace: 20785K->20785K(1069056K)
[1.127s][info][gc           ] GC(0) Pause Initial Mark (Metadata GC Threshold) 42M->7M(1024M) 8.060ms
[1.127s][info][gc,cpu       ] GC(0) User=0.03s Sys=0.03s Real=0.01s
[1.127s][info][gc           ] GC(1) Concurrent Cycle
[1.127s][info][gc,marking   ] GC(1) Concurrent Clear Claimed Marks
[1.127s][info][gc,marking   ] GC(1) Concurrent Clear Claimed Marks 0.029ms
[1.127s][info][gc,marking   ] GC(1) Concurrent Scan Root Regions
[1.129s][info][gc,marking   ] GC(1) Concurrent Scan Root Regions 2.429ms
[1.129s][info][gc,marking   ] GC(1) Concurrent Mark (1.129s)
[1.129s][info][gc,marking   ] GC(1) Concurrent Mark From Roots
[1.129s][info][gc,task      ] GC(1) Using 2 workers of 2 for marking
[1.130s][info][gc,marking   ] GC(1) Concurrent Mark From Roots 0.365ms
[1.130s][info][gc,marking   ] GC(1) Concurrent Mark (1.129s, 1.130s) 0.390ms
[1.130s][info][gc,start     ] GC(1) Pause Remark
[1.133s][info][gc,stringtable] GC(1) Cleaned string and symbol table, strings: 8746 processed, 0 removed, symbols: 68056 processed, 35 removed
[1.133s][info][gc            ] GC(1) Pause Remark 7M->7M(1024M) 2.687ms
[1.133s][info][gc,cpu        ] GC(1) User=0.01s Sys=0.00s Real=0.00s
[1.133s][info][gc,marking    ] GC(1) Concurrent Create Live Data
[1.133s][info][gc,marking    ] GC(1) Concurrent Create Live Data 0.074ms
[1.133s][info][gc,start      ] GC(1) Pause Cleanup
[1.133s][info][gc            ] GC(1) Pause Cleanup 7M->7M(1024M) 0.545ms
[1.133s][info][gc,cpu        ] GC(1) User=0.00s Sys=0.00s Real=0.00s
[1.133s][info][gc,marking    ] GC(1) Concurrent Cleanup for Next Mark
[1.135s][info][gc,marking    ] GC(1) Concurrent Cleanup for Next Mark 1.687ms
[1.135s][info][gc            ] GC(1) Concurrent Cycle 8.337ms
[4.328s][info][gc,heap,exit  ] Heap
[4.328s][info][gc,heap,exit  ]  garbage-first heap   total 1048576K, used 23824K [0x00000000c0000000, 0x0000000100000000)
[4.328s][info][gc,heap,exit  ]   region size 1024K, 24 young (24576K), 7 survivors (7168K)
[4.328s][info][gc,heap,exit  ]  Metaspace       used 24905K, capacity 25257K, committed 25600K, reserved 1071104K
[4.328s][info][gc,heap,exit  ]   class space    used 2949K, capacity 3072K, committed 3072K, reserved 1048576K
