[0.006s][info][gc,heap] Heap region size: 1M
[0.017s][info][gc     ] Using G1
[0.017s][info][gc,heap,coops] Heap address: 0x00000000c0000000, size: 1024 MB, Compressed Oops mode: 32-bit
[1.572s][info][gc,start     ] GC(0) Pause Initial Mark (Metadata GC Threshold)
[1.572s][info][gc,task      ] GC(0) Using 8 workers of 8 for evacuation
[1.579s][info][gc,phases    ] GC(0)   Pre Evacuate Collection Set: 0.0ms
[1.579s][info][gc,phases    ] GC(0)   Evacuate Collection Set: 6.1ms
[1.579s][info][gc,phases    ] GC(0)   Post Evacuate Collection Set: 0.4ms
[1.579s][info][gc,phases    ] GC(0)   Other: 0.3ms
[1.579s][info][gc,heap      ] GC(0) Eden regions: 41->0(44)
[1.579s][info][gc,heap      ] GC(0) Survivor regions: 0->7(7)
[1.579s][info][gc,heap      ] GC(0) Old regions: 0->0
[1.579s][info][gc,heap      ] GC(0) Humongous regions: 1->1
[1.579s][info][gc,metaspace ] GC(0) Metaspace: 20773K->20773K(1069056K)
[1.579s][info][gc           ] GC(0) Pause Initial Mark (Metadata GC Threshold) 42M->7M(1024M) 6.817ms
[1.579s][info][gc,cpu       ] GC(0) User=0.04s Sys=0.00s Real=0.01s
[1.579s][info][gc           ] GC(1) Concurrent Cycle
[1.579s][info][gc,marking   ] GC(1) Concurrent Clear Claimed Marks
[1.579s][info][gc,marking   ] GC(1) Concurrent Clear Claimed Marks 0.023ms
[1.579s][info][gc,marking   ] GC(1) Concurrent Scan Root Regions
[1.581s][info][gc,marking   ] GC(1) Concurrent Scan Root Regions 1.878ms
[1.581s][info][gc,marking   ] GC(1) Concurrent Mark (1.581s)
[1.581s][info][gc,marking   ] GC(1) Concurrent Mark From Roots
[1.581s][info][gc,task      ] GC(1) Using 2 workers of 2 for marking
[1.581s][info][gc,marking   ] GC(1) Concurrent Mark From Roots 0.362ms
[1.581s][info][gc,marking   ] GC(1) Concurrent Mark (1.581s, 1.581s) 0.388ms
[1.581s][info][gc,start     ] GC(1) Pause Remark
[1.583s][info][gc,stringtable] GC(1) Cleaned string and symbol table, strings: 8764 processed, 0 removed, symbols: 68078 processed, 35 removed
[1.583s][info][gc            ] GC(1) Pause Remark 7M->7M(1024M) 1.981ms
[1.583s][info][gc,cpu        ] GC(1) User=0.01s Sys=0.00s Real=0.00s
[1.583s][info][gc,marking    ] GC(1) Concurrent Create Live Data
[1.584s][info][gc,marking    ] GC(1) Concurrent Create Live Data 0.123ms
[1.584s][info][gc,start      ] GC(1) Pause Cleanup
[1.584s][info][gc            ] GC(1) Pause Cleanup 7M->7M(1024M) 0.555ms
[1.584s][info][gc,cpu        ] GC(1) User=0.00s Sys=0.00s Real=0.00s
[1.584s][info][gc,marking    ] GC(1) Concurrent Cleanup for Next Mark
[1.586s][info][gc,marking    ] GC(1) Concurrent Cleanup for Next Mark 1.999ms
[1.586s][info][gc            ] GC(1) Concurrent Cycle 7.557ms
[4.902s][info][gc,heap,exit  ] Heap
[4.902s][info][gc,heap,exit  ]  garbage-first heap   total 1048576K, used 173292K [0x00000000c0000000, 0x0000000100000000)
[4.902s][info][gc,heap,exit  ]   region size 1024K, 41 young (41984K), 7 survivors (7168K)
[4.902s][info][gc,heap,exit  ]  Metaspace       used 27372K, capacity 27727K, committed 28288K, reserved 1075200K
[4.902s][info][gc,heap,exit  ]   class space    used 3253K, capacity 3360K, committed 3456K, reserved 1048576K
