[0.005s][info][gc,heap] Heap region size: 1M
[0.014s][info][gc     ] Using G1
[0.014s][info][gc,heap,coops] Heap address: 0x00000000c0000000, size: 1024 MB, Compressed Oops mode: 32-bit
[1.159s][info][gc,start     ] GC(0) Pause Initial Mark (Metadata GC Threshold)
[1.159s][info][gc,task      ] GC(0) Using 8 workers of 8 for evacuation
[1.169s][info][gc,phases    ] GC(0)   Pre Evacuate Collection Set: 0.0ms
[1.169s][info][gc,phases    ] GC(0)   Evacuate Collection Set: 8.8ms
[1.169s][info][gc,phases    ] GC(0)   Post Evacuate Collection Set: 0.5ms
[1.169s][info][gc,phases    ] GC(0)   Other: 0.6ms
[1.169s][info][gc,heap      ] GC(0) Eden regions: 42->0(44)
[1.169s][info][gc,heap      ] GC(0) Survivor regions: 0->7(7)
[1.169s][info][gc,heap      ] GC(0) Old regions: 0->0
[1.169s][info][gc,heap      ] GC(0) Humongous regions: 1->1
[1.169s][info][gc,metaspace ] GC(0) Metaspace: 20782K->20782K(1069056K)
[1.169s][info][gc           ] GC(0) Pause Initial Mark (Metadata GC Threshold) 43M->7M(1024M) 10.188ms
[1.169s][info][gc,cpu       ] GC(0) User=0.03s Sys=0.03s Real=0.01s
[1.169s][info][gc           ] GC(1) Concurrent Cycle
[1.170s][info][gc,marking   ] GC(1) Concurrent Clear Claimed Marks
[1.170s][info][gc,marking   ] GC(1) Concurrent Clear Claimed Marks 0.066ms
[1.170s][info][gc,marking   ] GC(1) Concurrent Scan Root Regions
[1.173s][info][gc,marking   ] GC(1) Concurrent Scan Root Regions 3.470ms
[1.173s][info][gc,marking   ] GC(1) Concurrent Mark (1.173s)
[1.173s][info][gc,marking   ] GC(1) Concurrent Mark From Roots
[1.173s][info][gc,task      ] GC(1) Using 2 workers of 2 for marking
[1.174s][info][gc,marking   ] GC(1) Concurrent Mark From Roots 0.448ms
[1.174s][info][gc,marking   ] GC(1) Concurrent Mark (1.173s, 1.174s) 0.474ms
[1.174s][info][gc,start     ] GC(1) Pause Remark
[1.178s][info][gc,stringtable] GC(1) Cleaned string and symbol table, strings: 8740 processed, 0 removed, symbols: 67849 processed, 35 removed
[1.179s][info][gc            ] GC(1) Pause Remark 7M->7M(1024M) 4.207ms
[1.179s][info][gc,cpu        ] GC(1) User=0.03s Sys=0.00s Real=0.00s
[1.179s][info][gc,marking    ] GC(1) Concurrent Create Live Data
[1.179s][info][gc,marking    ] GC(1) Concurrent Create Live Data 0.083ms
[1.179s][info][gc,start      ] GC(1) Pause Cleanup
[1.179s][info][gc            ] GC(1) Pause Cleanup 7M->7M(1024M) 0.668ms
[1.179s][info][gc,cpu        ] GC(1) User=0.00s Sys=0.00s Real=0.00s
[1.179s][info][gc,marking    ] GC(1) Concurrent Cleanup for Next Mark
[1.181s][info][gc,marking    ] GC(1) Concurrent Cleanup for Next Mark 1.975ms
[1.181s][info][gc            ] GC(1) Concurrent Cycle 12.072ms
[4.377s][info][gc,heap,exit  ] Heap
[4.377s][info][gc,heap,exit  ]  garbage-first heap   total 1048576K, used 24004K [0x00000000c0000000, 0x0000000100000000)
[4.377s][info][gc,heap,exit  ]   region size 1024K, 24 young (24576K), 7 survivors (7168K)
[4.377s][info][gc,heap,exit  ]  Metaspace       used 24921K, capacity 25257K, committed 25600K, reserved 1071104K
[4.377s][info][gc,heap,exit  ]   class space    used 2949K, capacity 3072K, committed 3072K, reserved 1048576K
